NOTE: Picked up JDK_JAVA_OPTIONS:  --add-opens=java.base/java.lang=ALL-UNNAMED --add-opens=java.base/java.lang.invoke=ALL-UNNAMED --add-opens=java.base/java.lang.reflect=ALL-UNNAMED --add-opens=java.base/java.io=ALL-UNNAMED --add-opens=java.base/java.util=ALL-UNNAMED --add-opens=java.base/java.util.concurrent=ALL-UNNAMED --add-opens=java.rmi/sun.rmi.transport=ALL-UNNAMED
02-Apr-2025 01:20:29.457 INFO [main] org.apache.catalina.startup.VersionLoggerListener.log Server version name:   Apache Tomcat/9.0.102
02-Apr-2025 01:20:29.461 INFO [main] org.apache.catalina.startup.VersionLoggerListener.log Server built:          Mar 3 2025 19:33:14 UTC
02-Apr-2025 01:20:29.461 INFO [main] org.apache.catalina.startup.VersionLoggerListener.log Server version number: 9.0.102.0
02-Apr-2025 01:20:29.462 INFO [main] org.apache.catalina.startup.VersionLoggerListener.log OS Name:               Linux
02-Apr-2025 01:20:29.462 INFO [main] org.apache.catalina.startup.VersionLoggerListener.log OS Version:            6.8.0-38-generic
02-Apr-2025 01:20:29.462 INFO [main] org.apache.catalina.startup.VersionLoggerListener.log Architecture:          amd64
02-Apr-2025 01:20:29.462 INFO [main] org.apache.catalina.startup.VersionLoggerListener.log Java Home:             /usr/lib/jvm/java-11-openjdk-amd64
02-Apr-2025 01:20:29.462 INFO [main] org.apache.catalina.startup.VersionLoggerListener.log JVM Version:           11.0.26+4-post-Ubuntu-1ubuntu124.04
02-Apr-2025 01:20:29.462 INFO [main] org.apache.catalina.startup.VersionLoggerListener.log JVM Vendor:            Ubuntu
02-Apr-2025 01:20:29.462 INFO [main] org.apache.catalina.startup.VersionLoggerListener.log CATALINA_BASE:         /home/yamini/project/webapp/apache-tomcat-9.0.102
02-Apr-2025 01:20:29.462 INFO [main] org.apache.catalina.startup.VersionLoggerListener.log CATALINA_HOME:         /home/yamini/project/webapp/apache-tomcat-9.0.102
02-Apr-2025 01:20:29.494 INFO [main] org.apache.catalina.startup.VersionLoggerListener.log Command line argument: --add-opens=java.base/java.lang=ALL-UNNAMED
02-Apr-2025 01:20:29.494 INFO [main] org.apache.catalina.startup.VersionLoggerListener.log Command line argument: --add-opens=java.base/java.lang.invoke=ALL-UNNAMED
02-Apr-2025 01:20:29.495 INFO [main] org.apache.catalina.startup.VersionLoggerListener.log Command line argument: --add-opens=java.base/java.lang.reflect=ALL-UNNAMED
02-Apr-2025 01:20:29.495 INFO [main] org.apache.catalina.startup.VersionLoggerListener.log Command line argument: --add-opens=java.base/java.io=ALL-UNNAMED
02-Apr-2025 01:20:29.495 INFO [main] org.apache.catalina.startup.VersionLoggerListener.log Command line argument: --add-opens=java.base/java.util=ALL-UNNAMED
02-Apr-2025 01:20:29.495 INFO [main] org.apache.catalina.startup.VersionLoggerListener.log Command line argument: --add-opens=java.base/java.util.concurrent=ALL-UNNAMED
02-Apr-2025 01:20:29.495 INFO [main] org.apache.catalina.startup.VersionLoggerListener.log Command line argument: --add-opens=java.rmi/sun.rmi.transport=ALL-UNNAMED
02-Apr-2025 01:20:29.495 INFO [main] org.apache.catalina.startup.VersionLoggerListener.log Command line argument: -Djava.util.logging.config.file=/home/yamini/project/webapp/apache-tomcat-9.0.102/conf/logging.properties
02-Apr-2025 01:20:29.495 INFO [main] org.apache.catalina.startup.VersionLoggerListener.log Command line argument: -Djava.util.logging.manager=org.apache.juli.ClassLoaderLogManager
02-Apr-2025 01:20:29.495 INFO [main] org.apache.catalina.startup.VersionLoggerListener.log Command line argument: -Djdk.tls.ephemeralDHKeySize=2048
02-Apr-2025 01:20:29.495 INFO [main] org.apache.catalina.startup.VersionLoggerListener.log Command line argument: -Djava.protocol.handler.pkgs=org.apache.catalina.webresources
02-Apr-2025 01:20:29.495 INFO [main] org.apache.catalina.startup.VersionLoggerListener.log Command line argument: -Dsun.io.useCanonCaches=false
02-Apr-2025 01:20:29.495 INFO [main] org.apache.catalina.startup.VersionLoggerListener.log Command line argument: -Dorg.apache.catalina.security.SecurityListener.UMASK=0027
02-Apr-2025 01:20:29.496 INFO [main] org.apache.catalina.startup.VersionLoggerListener.log Command line argument: -Dignore.endorsed.dirs=
02-Apr-2025 01:20:29.496 INFO [main] org.apache.catalina.startup.VersionLoggerListener.log Command line argument: -Dcatalina.base=/home/yamini/project/webapp/apache-tomcat-9.0.102
02-Apr-2025 01:20:29.497 INFO [main] org.apache.catalina.startup.VersionLoggerListener.log Command line argument: -Dcatalina.home=/home/yamini/project/webapp/apache-tomcat-9.0.102
02-Apr-2025 01:20:29.497 INFO [main] org.apache.catalina.startup.VersionLoggerListener.log Command line argument: -Djava.io.tmpdir=/home/yamini/project/webapp/apache-tomcat-9.0.102/temp
02-Apr-2025 01:20:29.501 INFO [main] org.apache.catalina.core.AprLifecycleListener.lifecycleEvent The Apache Tomcat Native library which allows using OpenSSL was not found on the java.library.path: [/usr/java/packages/lib:/usr/lib/x86_64-linux-gnu/jni:/lib/x86_64-linux-gnu:/usr/lib/x86_64-linux-gnu:/usr/lib/jni:/lib:/usr/lib]
02-Apr-2025 01:20:30.066 INFO [main] org.apache.coyote.AbstractProtocol.init Initializing ProtocolHandler ["http-nio-8080"]
02-Apr-2025 01:20:30.095 SEVERE [main] org.apache.catalina.util.LifecycleBase.handleSubClassException Failed to initialize component [Connector["http-nio-8080"]]
	org.apache.catalina.LifecycleException: Protocol handler initialization failed
		at org.apache.catalina.connector.Connector.initInternal(Connector.java:1048)
		at org.apache.catalina.util.LifecycleBase.init(LifecycleBase.java:122)
		at org.apache.catalina.core.StandardService.initInternal(StandardService.java:525)
		at org.apache.catalina.util.LifecycleBase.init(LifecycleBase.java:122)
		at org.apache.catalina.core.StandardServer.initInternal(StandardServer.java:986)
		at org.apache.catalina.util.LifecycleBase.init(LifecycleBase.java:122)
		at org.apache.catalina.startup.Catalina.load(Catalina.java:690)
		at org.apache.catalina.startup.Catalina.load(Catalina.java:713)
		at java.base/jdk.internal.reflect.NativeMethodAccessorImpl.invoke0(Native Method)
		at java.base/jdk.internal.reflect.NativeMethodAccessorImpl.invoke(NativeMethodAccessorImpl.java:62)
		at java.base/jdk.internal.reflect.DelegatingMethodAccessorImpl.invoke(DelegatingMethodAccessorImpl.java:43)
		at java.base/java.lang.reflect.Method.invoke(Method.java:566)
		at org.apache.catalina.startup.Bootstrap.load(Bootstrap.java:302)
		at org.apache.catalina.startup.Bootstrap.main(Bootstrap.java:472)
	Caused by: java.net.BindException: Address already in use
		at java.base/sun.nio.ch.Net.bind0(Native Method)
		at java.base/sun.nio.ch.Net.bind(Net.java:459)
		at java.base/sun.nio.ch.Net.bind(Net.java:448)
		at java.base/sun.nio.ch.ServerSocketChannelImpl.bind(ServerSocketChannelImpl.java:227)
		at org.apache.tomcat.util.net.NioEndpoint.initServerSocket(NioEndpoint.java:268)
		at org.apache.tomcat.util.net.NioEndpoint.bind(NioEndpoint.java:223)
		at org.apache.tomcat.util.net.AbstractEndpoint.bindWithCleanup(AbstractEndpoint.java:1373)
		at org.apache.tomcat.util.net.AbstractEndpoint.init(AbstractEndpoint.java:1386)
		at org.apache.coyote.AbstractProtocol.init(AbstractProtocol.java:663)
		at org.apache.coyote.http11.AbstractHttp11Protocol.init(AbstractHttp11Protocol.java:80)
		at org.apache.catalina.connector.Connector.initInternal(Connector.java:1046)
		... 13 more
02-Apr-2025 01:20:30.097 INFO [main] org.apache.catalina.startup.Catalina.load Server initialization in [984] milliseconds
02-Apr-2025 01:20:30.214 INFO [main] org.apache.catalina.core.StandardService.startInternal Starting service [Catalina]
02-Apr-2025 01:20:30.214 INFO [main] org.apache.catalina.core.StandardEngine.startInternal Starting Servlet engine: [Apache Tomcat/9.0.102]
02-Apr-2025 01:20:30.236 INFO [main] org.apache.catalina.startup.HostConfig.deployDirectory Deploying web application directory [/home/yamini/project/webapp/apache-tomcat-9.0.102/webapps/docs]
02-Apr-2025 01:20:30.686 INFO [main] org.apache.catalina.startup.HostConfig.deployDirectory Deployment of web application directory [/home/yamini/project/webapp/apache-tomcat-9.0.102/webapps/docs] has finished in [449] ms
02-Apr-2025 01:20:30.686 INFO [main] org.apache.catalina.startup.HostConfig.deployDirectory Deploying web application directory [/home/yamini/project/webapp/apache-tomcat-9.0.102/webapps/manager]
02-Apr-2025 01:20:30.759 INFO [main] org.apache.catalina.startup.HostConfig.deployDirectory Deployment of web application directory [/home/yamini/project/webapp/apache-tomcat-9.0.102/webapps/manager] has finished in [73] ms
02-Apr-2025 01:20:30.759 INFO [main] org.apache.catalina.startup.HostConfig.deployDirectory Deploying web application directory [/home/yamini/project/webapp/apache-tomcat-9.0.102/webapps/ROOT]
02-Apr-2025 01:20:30.802 INFO [main] org.apache.catalina.startup.HostConfig.deployDirectory Deployment of web application directory [/home/yamini/project/webapp/apache-tomcat-9.0.102/webapps/ROOT] has finished in [43] ms
02-Apr-2025 01:20:30.802 INFO [main] org.apache.catalina.startup.HostConfig.deployDirectory Deploying web application directory [/home/yamini/project/webapp/apache-tomcat-9.0.102/webapps/host-manager]
02-Apr-2025 01:20:30.896 INFO [main] org.apache.catalina.startup.HostConfig.deployDirectory Deployment of web application directory [/home/yamini/project/webapp/apache-tomcat-9.0.102/webapps/host-manager] has finished in [94] ms
02-Apr-2025 01:20:30.897 INFO [main] org.apache.catalina.startup.HostConfig.deployDirectory Deploying web application directory [/home/yamini/project/webapp/apache-tomcat-9.0.102/webapps/examples]
02-Apr-2025 01:20:31.250 INFO [main] org.apache.catalina.startup.HostConfig.deployDirectory Deployment of web application directory [/home/yamini/project/webapp/apache-tomcat-9.0.102/webapps/examples] has finished in [353] ms
02-Apr-2025 01:20:31.262 INFO [main] org.apache.catalina.startup.Catalina.start Server startup in [1165] milliseconds
02-Apr-2025 01:22:00.306 INFO [main] org.apache.catalina.core.StandardServer.await A valid shutdown command was received via the shutdown port. Stopping the Server instance.
02-Apr-2025 01:22:00.309 INFO [main] org.apache.coyote.AbstractProtocol.pause Pausing ProtocolHandler ["http-nio-8080"]
02-Apr-2025 01:22:00.309 INFO [main] org.apache.catalina.core.StandardService.stopInternal Stopping service [Catalina]
02-Apr-2025 01:22:00.363 INFO [main] org.apache.coyote.AbstractProtocol.stop Stopping ProtocolHandler ["http-nio-8080"]
02-Apr-2025 01:22:00.365 INFO [main] org.apache.coyote.AbstractProtocol.destroy Destroying ProtocolHandler ["http-nio-8080"]
NOTE: Picked up JDK_JAVA_OPTIONS:  --add-opens=java.base/java.lang=ALL-UNNAMED --add-opens=java.base/java.lang.invoke=ALL-UNNAMED --add-opens=java.base/java.lang.reflect=ALL-UNNAMED --add-opens=java.base/java.io=ALL-UNNAMED --add-opens=java.base/java.util=ALL-UNNAMED --add-opens=java.base/java.util.concurrent=ALL-UNNAMED --add-opens=java.rmi/sun.rmi.transport=ALL-UNNAMED
02-Apr-2025 01:22:10.693 INFO [main] org.apache.catalina.startup.VersionLoggerListener.log Server version name:   Apache Tomcat/9.0.102
02-Apr-2025 01:22:10.700 INFO [main] org.apache.catalina.startup.VersionLoggerListener.log Server built:          Mar 3 2025 19:33:14 UTC
02-Apr-2025 01:22:10.701 INFO [main] org.apache.catalina.startup.VersionLoggerListener.log Server version number: 9.0.102.0
02-Apr-2025 01:22:10.701 INFO [main] org.apache.catalina.startup.VersionLoggerListener.log OS Name:               Linux
02-Apr-2025 01:22:10.701 INFO [main] org.apache.catalina.startup.VersionLoggerListener.log OS Version:            6.8.0-38-generic
02-Apr-2025 01:22:10.701 INFO [main] org.apache.catalina.startup.VersionLoggerListener.log Architecture:          amd64
02-Apr-2025 01:22:10.701 INFO [main] org.apache.catalina.startup.VersionLoggerListener.log Java Home:             /usr/lib/jvm/java-11-openjdk-amd64
02-Apr-2025 01:22:10.701 INFO [main] org.apache.catalina.startup.VersionLoggerListener.log JVM Version:           11.0.26+4-post-Ubuntu-1ubuntu124.04
02-Apr-2025 01:22:10.701 INFO [main] org.apache.catalina.startup.VersionLoggerListener.log JVM Vendor:            Ubuntu
02-Apr-2025 01:22:10.701 INFO [main] org.apache.catalina.startup.VersionLoggerListener.log CATALINA_BASE:         /home/yamini/project/webapp/apache-tomcat-9.0.102
02-Apr-2025 01:22:10.701 INFO [main] org.apache.catalina.startup.VersionLoggerListener.log CATALINA_HOME:         /home/yamini/project/webapp/apache-tomcat-9.0.102
02-Apr-2025 01:22:10.725 INFO [main] org.apache.catalina.startup.VersionLoggerListener.log Command line argument: --add-opens=java.base/java.lang=ALL-UNNAMED
02-Apr-2025 01:22:10.726 INFO [main] org.apache.catalina.startup.VersionLoggerListener.log Command line argument: --add-opens=java.base/java.lang.invoke=ALL-UNNAMED
02-Apr-2025 01:22:10.726 INFO [main] org.apache.catalina.startup.VersionLoggerListener.log Command line argument: --add-opens=java.base/java.lang.reflect=ALL-UNNAMED
02-Apr-2025 01:22:10.727 INFO [main] org.apache.catalina.startup.VersionLoggerListener.log Command line argument: --add-opens=java.base/java.io=ALL-UNNAMED
02-Apr-2025 01:22:10.727 INFO [main] org.apache.catalina.startup.VersionLoggerListener.log Command line argument: --add-opens=java.base/java.util=ALL-UNNAMED
02-Apr-2025 01:22:10.727 INFO [main] org.apache.catalina.startup.VersionLoggerListener.log Command line argument: --add-opens=java.base/java.util.concurrent=ALL-UNNAMED
02-Apr-2025 01:22:10.727 INFO [main] org.apache.catalina.startup.VersionLoggerListener.log Command line argument: --add-opens=java.rmi/sun.rmi.transport=ALL-UNNAMED
02-Apr-2025 01:22:10.727 INFO [main] org.apache.catalina.startup.VersionLoggerListener.log Command line argument: -Djava.util.logging.config.file=/home/yamini/project/webapp/apache-tomcat-9.0.102/conf/logging.properties
02-Apr-2025 01:22:10.727 INFO [main] org.apache.catalina.startup.VersionLoggerListener.log Command line argument: -Djava.util.logging.manager=org.apache.juli.ClassLoaderLogManager
02-Apr-2025 01:22:10.727 INFO [main] org.apache.catalina.startup.VersionLoggerListener.log Command line argument: -Djdk.tls.ephemeralDHKeySize=2048
02-Apr-2025 01:22:10.728 INFO [main] org.apache.catalina.startup.VersionLoggerListener.log Command line argument: -Djava.protocol.handler.pkgs=org.apache.catalina.webresources
02-Apr-2025 01:22:10.728 INFO [main] org.apache.catalina.startup.VersionLoggerListener.log Command line argument: -Dsun.io.useCanonCaches=false
02-Apr-2025 01:22:10.728 INFO [main] org.apache.catalina.startup.VersionLoggerListener.log Command line argument: -Dorg.apache.catalina.security.SecurityListener.UMASK=0027
02-Apr-2025 01:22:10.728 INFO [main] org.apache.catalina.startup.VersionLoggerListener.log Command line argument: -Dignore.endorsed.dirs=
02-Apr-2025 01:22:10.728 INFO [main] org.apache.catalina.startup.VersionLoggerListener.log Command line argument: -Dcatalina.base=/home/yamini/project/webapp/apache-tomcat-9.0.102
02-Apr-2025 01:22:10.728 INFO [main] org.apache.catalina.startup.VersionLoggerListener.log Command line argument: -Dcatalina.home=/home/yamini/project/webapp/apache-tomcat-9.0.102
02-Apr-2025 01:22:10.728 INFO [main] org.apache.catalina.startup.VersionLoggerListener.log Command line argument: -Djava.io.tmpdir=/home/yamini/project/webapp/apache-tomcat-9.0.102/temp
02-Apr-2025 01:22:10.731 INFO [main] org.apache.catalina.core.AprLifecycleListener.lifecycleEvent The Apache Tomcat Native library which allows using OpenSSL was not found on the java.library.path: [/usr/java/packages/lib:/usr/lib/x86_64-linux-gnu/jni:/lib/x86_64-linux-gnu:/usr/lib/x86_64-linux-gnu:/usr/lib/jni:/lib:/usr/lib]
02-Apr-2025 01:22:11.230 INFO [main] org.apache.coyote.AbstractProtocol.init Initializing ProtocolHandler ["http-nio-8080"]
02-Apr-2025 01:22:11.269 INFO [main] org.apache.catalina.startup.Catalina.load Server initialization in [1018] milliseconds
02-Apr-2025 01:22:11.333 INFO [main] org.apache.catalina.core.StandardService.startInternal Starting service [Catalina]
02-Apr-2025 01:22:11.335 INFO [main] org.apache.catalina.core.StandardEngine.startInternal Starting Servlet engine: [Apache Tomcat/9.0.102]
02-Apr-2025 01:22:11.347 INFO [main] org.apache.catalina.startup.HostConfig.deployDirectory Deploying web application directory [/home/yamini/project/webapp/apache-tomcat-9.0.102/webapps/docs]
02-Apr-2025 01:22:11.686 INFO [main] org.apache.catalina.startup.HostConfig.deployDirectory Deployment of web application directory [/home/yamini/project/webapp/apache-tomcat-9.0.102/webapps/docs] has finished in [339] ms
02-Apr-2025 01:22:11.687 INFO [main] org.apache.catalina.startup.HostConfig.deployDirectory Deploying web application directory [/home/yamini/project/webapp/apache-tomcat-9.0.102/webapps/manager]
02-Apr-2025 01:22:11.750 INFO [main] org.apache.catalina.startup.HostConfig.deployDirectory Deployment of web application directory [/home/yamini/project/webapp/apache-tomcat-9.0.102/webapps/manager] has finished in [62] ms
02-Apr-2025 01:22:11.750 INFO [main] org.apache.catalina.startup.HostConfig.deployDirectory Deploying web application directory [/home/yamini/project/webapp/apache-tomcat-9.0.102/webapps/ROOT]
02-Apr-2025 01:22:11.769 INFO [main] org.apache.catalina.startup.HostConfig.deployDirectory Deployment of web application directory [/home/yamini/project/webapp/apache-tomcat-9.0.102/webapps/ROOT] has finished in [19] ms
02-Apr-2025 01:22:11.771 INFO [main] org.apache.catalina.startup.HostConfig.deployDirectory Deploying web application directory [/home/yamini/project/webapp/apache-tomcat-9.0.102/webapps/host-manager]
02-Apr-2025 01:22:11.819 INFO [main] org.apache.catalina.startup.HostConfig.deployDirectory Deployment of web application directory [/home/yamini/project/webapp/apache-tomcat-9.0.102/webapps/host-manager] has finished in [45] ms
02-Apr-2025 01:22:11.820 INFO [main] org.apache.catalina.startup.HostConfig.deployDirectory Deploying web application directory [/home/yamini/project/webapp/apache-tomcat-9.0.102/webapps/examples]
02-Apr-2025 01:22:12.084 INFO [main] org.apache.catalina.startup.HostConfig.deployDirectory Deployment of web application directory [/home/yamini/project/webapp/apache-tomcat-9.0.102/webapps/examples] has finished in [263] ms
02-Apr-2025 01:22:12.094 INFO [main] org.apache.coyote.AbstractProtocol.start Starting ProtocolHandler ["http-nio-8080"]
02-Apr-2025 01:22:12.143 INFO [main] org.apache.catalina.startup.Catalina.start Server startup in [872] milliseconds
02-Apr-2025 01:24:52.216 INFO [Catalina-utility-1] org.apache.catalina.startup.HostConfig.deployWAR Deploying web application archive [/home/yamini/project/webapp/apache-tomcat-9.0.102/webapps/webapp.war]
02-Apr-2025 01:24:52.340 INFO [Catalina-utility-1] org.apache.catalina.startup.HostConfig.deployWAR Deployment of web application archive [/home/yamini/project/webapp/apache-tomcat-9.0.102/webapps/webapp.war] has finished in [124] ms
02-Apr-2025 01:25:50.865 INFO [main] org.apache.catalina.core.StandardServer.await A valid shutdown command was received via the shutdown port. Stopping the Server instance.
02-Apr-2025 01:25:50.865 INFO [main] org.apache.coyote.AbstractProtocol.pause Pausing ProtocolHandler ["http-nio-8080"]
02-Apr-2025 01:25:50.873 INFO [main] org.apache.catalina.core.StandardService.stopInternal Stopping service [Catalina]
02-Apr-2025 01:25:50.965 INFO [main] org.apache.coyote.AbstractProtocol.stop Stopping ProtocolHandler ["http-nio-8080"]
02-Apr-2025 01:25:50.986 INFO [main] org.apache.coyote.AbstractProtocol.destroy Destroying ProtocolHandler ["http-nio-8080"]
NOTE: Picked up JDK_JAVA_OPTIONS:  --add-opens=java.base/java.lang=ALL-UNNAMED --add-opens=java.base/java.lang.invoke=ALL-UNNAMED --add-opens=java.base/java.lang.reflect=ALL-UNNAMED --add-opens=java.base/java.io=ALL-UNNAMED --add-opens=java.base/java.util=ALL-UNNAMED --add-opens=java.base/java.util.concurrent=ALL-UNNAMED --add-opens=java.rmi/sun.rmi.transport=ALL-UNNAMED
02-Apr-2025 01:25:59.088 INFO [main] org.apache.catalina.startup.VersionLoggerListener.log Server version name:   Apache Tomcat/9.0.102
02-Apr-2025 01:25:59.094 INFO [main] org.apache.catalina.startup.VersionLoggerListener.log Server built:          Mar 3 2025 19:33:14 UTC
02-Apr-2025 01:25:59.095 INFO [main] org.apache.catalina.startup.VersionLoggerListener.log Server version number: 9.0.102.0
02-Apr-2025 01:25:59.095 INFO [main] org.apache.catalina.startup.VersionLoggerListener.log OS Name:               Linux
02-Apr-2025 01:25:59.095 INFO [main] org.apache.catalina.startup.VersionLoggerListener.log OS Version:            6.8.0-38-generic
02-Apr-2025 01:25:59.095 INFO [main] org.apache.catalina.startup.VersionLoggerListener.log Architecture:          amd64
02-Apr-2025 01:25:59.095 INFO [main] org.apache.catalina.startup.VersionLoggerListener.log Java Home:             /usr/lib/jvm/java-11-openjdk-amd64
02-Apr-2025 01:25:59.095 INFO [main] org.apache.catalina.startup.VersionLoggerListener.log JVM Version:           11.0.26+4-post-Ubuntu-1ubuntu124.04
02-Apr-2025 01:25:59.095 INFO [main] org.apache.catalina.startup.VersionLoggerListener.log JVM Vendor:            Ubuntu
02-Apr-2025 01:25:59.095 INFO [main] org.apache.catalina.startup.VersionLoggerListener.log CATALINA_BASE:         /home/yamini/project/webapp/apache-tomcat-9.0.102
02-Apr-2025 01:25:59.095 INFO [main] org.apache.catalina.startup.VersionLoggerListener.log CATALINA_HOME:         /home/yamini/project/webapp/apache-tomcat-9.0.102
02-Apr-2025 01:25:59.103 INFO [main] org.apache.catalina.startup.VersionLoggerListener.log Command line argument: --add-opens=java.base/java.lang=ALL-UNNAMED
02-Apr-2025 01:25:59.105 INFO [main] org.apache.catalina.startup.VersionLoggerListener.log Command line argument: --add-opens=java.base/java.lang.invoke=ALL-UNNAMED
02-Apr-2025 01:25:59.105 INFO [main] org.apache.catalina.startup.VersionLoggerListener.log Command line argument: --add-opens=java.base/java.lang.reflect=ALL-UNNAMED
02-Apr-2025 01:25:59.105 INFO [main] org.apache.catalina.startup.VersionLoggerListener.log Command line argument: --add-opens=java.base/java.io=ALL-UNNAMED
02-Apr-2025 01:25:59.107 INFO [main] org.apache.catalina.startup.VersionLoggerListener.log Command line argument: --add-opens=java.base/java.util=ALL-UNNAMED
02-Apr-2025 01:25:59.107 INFO [main] org.apache.catalina.startup.VersionLoggerListener.log Command line argument: --add-opens=java.base/java.util.concurrent=ALL-UNNAMED
02-Apr-2025 01:25:59.108 INFO [main] org.apache.catalina.startup.VersionLoggerListener.log Command line argument: --add-opens=java.rmi/sun.rmi.transport=ALL-UNNAMED
02-Apr-2025 01:25:59.108 INFO [main] org.apache.catalina.startup.VersionLoggerListener.log Command line argument: -Djava.util.logging.config.file=/home/yamini/project/webapp/apache-tomcat-9.0.102/conf/logging.properties
02-Apr-2025 01:25:59.108 INFO [main] org.apache.catalina.startup.VersionLoggerListener.log Command line argument: -Djava.util.logging.manager=org.apache.juli.ClassLoaderLogManager
02-Apr-2025 01:25:59.108 INFO [main] org.apache.catalina.startup.VersionLoggerListener.log Command line argument: -Djdk.tls.ephemeralDHKeySize=2048
02-Apr-2025 01:25:59.108 INFO [main] org.apache.catalina.startup.VersionLoggerListener.log Command line argument: -Djava.protocol.handler.pkgs=org.apache.catalina.webresources
02-Apr-2025 01:25:59.109 INFO [main] org.apache.catalina.startup.VersionLoggerListener.log Command line argument: -Dsun.io.useCanonCaches=false
02-Apr-2025 01:25:59.111 INFO [main] org.apache.catalina.startup.VersionLoggerListener.log Command line argument: -Dorg.apache.catalina.security.SecurityListener.UMASK=0027
02-Apr-2025 01:25:59.111 INFO [main] org.apache.catalina.startup.VersionLoggerListener.log Command line argument: -Dignore.endorsed.dirs=
02-Apr-2025 01:25:59.112 INFO [main] org.apache.catalina.startup.VersionLoggerListener.log Command line argument: -Dcatalina.base=/home/yamini/project/webapp/apache-tomcat-9.0.102
02-Apr-2025 01:25:59.112 INFO [main] org.apache.catalina.startup.VersionLoggerListener.log Command line argument: -Dcatalina.home=/home/yamini/project/webapp/apache-tomcat-9.0.102
02-Apr-2025 01:25:59.112 INFO [main] org.apache.catalina.startup.VersionLoggerListener.log Command line argument: -Djava.io.tmpdir=/home/yamini/project/webapp/apache-tomcat-9.0.102/temp
02-Apr-2025 01:25:59.116 INFO [main] org.apache.catalina.core.AprLifecycleListener.lifecycleEvent The Apache Tomcat Native library which allows using OpenSSL was not found on the java.library.path: [/usr/java/packages/lib:/usr/lib/x86_64-linux-gnu/jni:/lib/x86_64-linux-gnu:/usr/lib/x86_64-linux-gnu:/usr/lib/jni:/lib:/usr/lib]
02-Apr-2025 01:25:59.730 INFO [main] org.apache.coyote.AbstractProtocol.init Initializing ProtocolHandler ["http-nio-8080"]
02-Apr-2025 01:25:59.785 INFO [main] org.apache.catalina.startup.Catalina.load Server initialization in [1051] milliseconds
02-Apr-2025 01:25:59.895 INFO [main] org.apache.catalina.core.StandardService.startInternal Starting service [Catalina]
02-Apr-2025 01:25:59.895 INFO [main] org.apache.catalina.core.StandardEngine.startInternal Starting Servlet engine: [Apache Tomcat/9.0.102]
02-Apr-2025 01:25:59.919 INFO [main] org.apache.catalina.startup.HostConfig.deployWAR Deploying web application archive [/home/yamini/project/webapp/apache-tomcat-9.0.102/webapps/webapp.war]
02-Apr-2025 01:26:00.350 INFO [main] org.apache.catalina.startup.HostConfig.deployWAR Deployment of web application archive [/home/yamini/project/webapp/apache-tomcat-9.0.102/webapps/webapp.war] has finished in [431] ms
02-Apr-2025 01:26:00.351 INFO [main] org.apache.catalina.startup.HostConfig.deployDirectory Deploying web application directory [/home/yamini/project/webapp/apache-tomcat-9.0.102/webapps/docs]
02-Apr-2025 01:26:00.374 INFO [main] org.apache.catalina.startup.HostConfig.deployDirectory Deployment of web application directory [/home/yamini/project/webapp/apache-tomcat-9.0.102/webapps/docs] has finished in [23] ms
02-Apr-2025 01:26:00.375 INFO [main] org.apache.catalina.startup.HostConfig.deployDirectory Deploying web application directory [/home/yamini/project/webapp/apache-tomcat-9.0.102/webapps/manager]
02-Apr-2025 01:26:00.430 INFO [main] org.apache.catalina.startup.HostConfig.deployDirectory Deployment of web application directory [/home/yamini/project/webapp/apache-tomcat-9.0.102/webapps/manager] has finished in [55] ms
02-Apr-2025 01:26:00.431 INFO [main] org.apache.catalina.startup.HostConfig.deployDirectory Deploying web application directory [/home/yamini/project/webapp/apache-tomcat-9.0.102/webapps/ROOT]
02-Apr-2025 01:26:00.456 INFO [main] org.apache.catalina.startup.HostConfig.deployDirectory Deployment of web application directory [/home/yamini/project/webapp/apache-tomcat-9.0.102/webapps/ROOT] has finished in [26] ms
02-Apr-2025 01:26:00.457 INFO [main] org.apache.catalina.startup.HostConfig.deployDirectory Deploying web application directory [/home/yamini/project/webapp/apache-tomcat-9.0.102/webapps/host-manager]
02-Apr-2025 01:26:00.477 INFO [main] org.apache.catalina.startup.HostConfig.deployDirectory Deployment of web application directory [/home/yamini/project/webapp/apache-tomcat-9.0.102/webapps/host-manager] has finished in [20] ms
02-Apr-2025 01:26:00.478 INFO [main] org.apache.catalina.startup.HostConfig.deployDirectory Deploying web application directory [/home/yamini/project/webapp/apache-tomcat-9.0.102/webapps/examples]
02-Apr-2025 01:26:00.710 INFO [main] org.apache.catalina.startup.HostConfig.deployDirectory Deployment of web application directory [/home/yamini/project/webapp/apache-tomcat-9.0.102/webapps/examples] has finished in [232] ms
02-Apr-2025 01:26:00.715 INFO [main] org.apache.coyote.AbstractProtocol.start Starting ProtocolHandler ["http-nio-8080"]
02-Apr-2025 01:26:00.733 INFO [main] org.apache.catalina.startup.Catalina.start Server startup in [944] milliseconds
02-Apr-2025 01:40:34.720 INFO [main] org.apache.catalina.core.StandardServer.await A valid shutdown command was received via the shutdown port. Stopping the Server instance.
02-Apr-2025 01:40:34.721 INFO [main] org.apache.coyote.AbstractProtocol.pause Pausing ProtocolHandler ["http-nio-8080"]
02-Apr-2025 01:40:34.727 INFO [main] org.apache.catalina.core.StandardService.stopInternal Stopping service [Catalina]
02-Apr-2025 01:40:34.774 INFO [main] org.apache.coyote.AbstractProtocol.stop Stopping ProtocolHandler ["http-nio-8080"]
02-Apr-2025 01:40:34.787 INFO [main] org.apache.coyote.AbstractProtocol.destroy Destroying ProtocolHandler ["http-nio-8080"]
