10-Apr-2025 15:49:54.629 INFO [main] org.apache.catalina.startup.VersionLoggerListener.log Server version name:   Apache Tomcat/9.0.102
10-Apr-2025 15:49:54.633 INFO [main] org.apache.catalina.startup.VersionLoggerListener.log Server built:          Mar 3 2025 19:33:14 UTC
10-Apr-2025 15:49:54.633 INFO [main] org.apache.catalina.startup.VersionLoggerListener.log Server version number: 9.0.102.0
10-Apr-2025 15:49:54.633 INFO [main] org.apache.catalina.startup.VersionLoggerListener.log OS Name:               Linux
10-Apr-2025 15:49:54.633 INFO [main] org.apache.catalina.startup.VersionLoggerListener.log OS Version:            6.8.0-38-generic
10-Apr-2025 15:49:54.633 INFO [main] org.apache.catalina.startup.VersionLoggerListener.log Architecture:          amd64
10-Apr-2025 15:49:54.634 INFO [main] org.apache.catalina.startup.VersionLoggerListener.log Java Home:             /usr/lib/jvm/java-11-openjdk-amd64
10-Apr-2025 15:49:54.634 INFO [main] org.apache.catalina.startup.VersionLoggerListener.log JVM Version:           11.0.26+4-post-Ubuntu-1ubuntu124.04
10-Apr-2025 15:49:54.634 INFO [main] org.apache.catalina.startup.VersionLoggerListener.log JVM Vendor:            Ubuntu
10-Apr-2025 15:49:54.634 INFO [main] org.apache.catalina.startup.VersionLoggerListener.log CATALINA_BASE:         /home/yamini/project/webapp/apache-tomcat-9.0.102
10-Apr-2025 15:49:54.634 INFO [main] org.apache.catalina.startup.VersionLoggerListener.log CATALINA_HOME:         /home/yamini/project/webapp/apache-tomcat-9.0.102
10-Apr-2025 15:49:54.657 INFO [main] org.apache.catalina.startup.VersionLoggerListener.log Command line argument: --add-opens=java.base/java.lang=ALL-UNNAMED
10-Apr-2025 15:49:54.657 INFO [main] org.apache.catalina.startup.VersionLoggerListener.log Command line argument: --add-opens=java.base/java.lang.invoke=ALL-UNNAMED
10-Apr-2025 15:49:54.657 INFO [main] org.apache.catalina.startup.VersionLoggerListener.log Command line argument: --add-opens=java.base/java.lang.reflect=ALL-UNNAMED
10-Apr-2025 15:49:54.658 INFO [main] org.apache.catalina.startup.VersionLoggerListener.log Command line argument: --add-opens=java.base/java.io=ALL-UNNAMED
10-Apr-2025 15:49:54.658 INFO [main] org.apache.catalina.startup.VersionLoggerListener.log Command line argument: --add-opens=java.base/java.util=ALL-UNNAMED
10-Apr-2025 15:49:54.658 INFO [main] org.apache.catalina.startup.VersionLoggerListener.log Command line argument: --add-opens=java.base/java.util.concurrent=ALL-UNNAMED
10-Apr-2025 15:49:54.658 INFO [main] org.apache.catalina.startup.VersionLoggerListener.log Command line argument: --add-opens=java.rmi/sun.rmi.transport=ALL-UNNAMED
10-Apr-2025 15:49:54.659 INFO [main] org.apache.catalina.startup.VersionLoggerListener.log Command line argument: -Djava.util.logging.config.file=/home/yamini/project/webapp/apache-tomcat-9.0.102/conf/logging.properties
10-Apr-2025 15:49:54.659 INFO [main] org.apache.catalina.startup.VersionLoggerListener.log Command line argument: -Djava.util.logging.manager=org.apache.juli.ClassLoaderLogManager
10-Apr-2025 15:49:54.659 INFO [main] org.apache.catalina.startup.VersionLoggerListener.log Command line argument: -Djdk.tls.ephemeralDHKeySize=2048
10-Apr-2025 15:49:54.659 INFO [main] org.apache.catalina.startup.VersionLoggerListener.log Command line argument: -Djava.protocol.handler.pkgs=org.apache.catalina.webresources
10-Apr-2025 15:49:54.659 INFO [main] org.apache.catalina.startup.VersionLoggerListener.log Command line argument: -Dsun.io.useCanonCaches=false
10-Apr-2025 15:49:54.659 INFO [main] org.apache.catalina.startup.VersionLoggerListener.log Command line argument: -Dorg.apache.catalina.security.SecurityListener.UMASK=0027
10-Apr-2025 15:49:54.659 INFO [main] org.apache.catalina.startup.VersionLoggerListener.log Command line argument: -Dignore.endorsed.dirs=
10-Apr-2025 15:49:54.659 INFO [main] org.apache.catalina.startup.VersionLoggerListener.log Command line argument: -Dcatalina.base=/home/yamini/project/webapp/apache-tomcat-9.0.102
10-Apr-2025 15:49:54.660 INFO [main] org.apache.catalina.startup.VersionLoggerListener.log Command line argument: -Dcatalina.home=/home/yamini/project/webapp/apache-tomcat-9.0.102
10-Apr-2025 15:49:54.660 INFO [main] org.apache.catalina.startup.VersionLoggerListener.log Command line argument: -Djava.io.tmpdir=/home/yamini/project/webapp/apache-tomcat-9.0.102/temp
10-Apr-2025 15:49:54.661 INFO [main] org.apache.catalina.core.AprLifecycleListener.lifecycleEvent The Apache Tomcat Native library which allows using OpenSSL was not found on the java.library.path: [/usr/java/packages/lib:/usr/lib/x86_64-linux-gnu/jni:/lib/x86_64-linux-gnu:/usr/lib/x86_64-linux-gnu:/usr/lib/jni:/lib:/usr/lib]
10-Apr-2025 15:49:55.087 INFO [main] org.apache.coyote.AbstractProtocol.init Initializing ProtocolHandler ["http-nio-8080"]
10-Apr-2025 15:49:55.135 SEVERE [main] org.apache.catalina.util.LifecycleBase.handleSubClassException Failed to initialize component [Connector["http-nio-8080"]]
	org.apache.catalina.LifecycleException: Protocol handler initialization failed
		at org.apache.catalina.connector.Connector.initInternal(Connector.java:1048)
		at org.apache.catalina.util.LifecycleBase.init(LifecycleBase.java:122)
		at org.apache.catalina.core.StandardService.initInternal(StandardService.java:525)
		at org.apache.catalina.util.LifecycleBase.init(LifecycleBase.java:122)
		at org.apache.catalina.core.StandardServer.initInternal(StandardServer.java:986)
		at org.apache.catalina.util.LifecycleBase.init(LifecycleBase.java:122)
		at org.apache.catalina.startup.Catalina.load(Catalina.java:690)
		at org.apache.catalina.startup.Catalina.load(Catalina.java:713)
		at java.base/jdk.internal.reflect.NativeMethodAccessorImpl.invoke0(Native Method)
		at java.base/jdk.internal.reflect.NativeMethodAccessorImpl.invoke(NativeMethodAccessorImpl.java:62)
		at java.base/jdk.internal.reflect.DelegatingMethodAccessorImpl.invoke(DelegatingMethodAccessorImpl.java:43)
		at java.base/java.lang.reflect.Method.invoke(Method.java:566)
		at org.apache.catalina.startup.Bootstrap.load(Bootstrap.java:302)
		at org.apache.catalina.startup.Bootstrap.main(Bootstrap.java:472)
	Caused by: java.net.BindException: Address already in use
		at java.base/sun.nio.ch.Net.bind0(Native Method)
		at java.base/sun.nio.ch.Net.bind(Net.java:459)
		at java.base/sun.nio.ch.Net.bind(Net.java:448)
		at java.base/sun.nio.ch.ServerSocketChannelImpl.bind(ServerSocketChannelImpl.java:227)
		at org.apache.tomcat.util.net.NioEndpoint.initServerSocket(NioEndpoint.java:268)
		at org.apache.tomcat.util.net.NioEndpoint.bind(NioEndpoint.java:223)
		at org.apache.tomcat.util.net.AbstractEndpoint.bindWithCleanup(AbstractEndpoint.java:1373)
		at org.apache.tomcat.util.net.AbstractEndpoint.init(AbstractEndpoint.java:1386)
		at org.apache.coyote.AbstractProtocol.init(AbstractProtocol.java:663)
		at org.apache.coyote.http11.AbstractHttp11Protocol.init(AbstractHttp11Protocol.java:80)
		at org.apache.catalina.connector.Connector.initInternal(Connector.java:1046)
		... 13 more
10-Apr-2025 15:49:55.146 INFO [main] org.apache.catalina.startup.Catalina.load Server initialization in [824] milliseconds
10-Apr-2025 15:49:55.284 INFO [main] org.apache.catalina.core.StandardService.startInternal Starting service [Catalina]
10-Apr-2025 15:49:55.285 INFO [main] org.apache.catalina.core.StandardEngine.startInternal Starting Servlet engine: [Apache Tomcat/9.0.102]
10-Apr-2025 15:49:55.335 INFO [main] org.apache.catalina.startup.HostConfig.deployWAR Deploying web application archive [/home/yamini/project/webapp/apache-tomcat-9.0.102/webapps/webapp.war]
10-Apr-2025 15:49:55.836 INFO [main] org.apache.catalina.startup.HostConfig.deployWAR Deployment of web application archive [/home/yamini/project/webapp/apache-tomcat-9.0.102/webapps/webapp.war] has finished in [500] ms
10-Apr-2025 15:49:55.837 INFO [main] org.apache.catalina.startup.HostConfig.deployDirectory Deploying web application directory [/home/yamini/project/webapp/apache-tomcat-9.0.102/webapps/docs]
10-Apr-2025 15:49:55.870 INFO [main] org.apache.catalina.startup.HostConfig.deployDirectory Deployment of web application directory [/home/yamini/project/webapp/apache-tomcat-9.0.102/webapps/docs] has finished in [33] ms
10-Apr-2025 15:49:55.870 INFO [main] org.apache.catalina.startup.HostConfig.deployDirectory Deploying web application directory [/home/yamini/project/webapp/apache-tomcat-9.0.102/webapps/manager]
10-Apr-2025 15:49:55.917 INFO [main] org.apache.catalina.startup.HostConfig.deployDirectory Deployment of web application directory [/home/yamini/project/webapp/apache-tomcat-9.0.102/webapps/manager] has finished in [46] ms
10-Apr-2025 15:49:55.917 INFO [main] org.apache.catalina.startup.HostConfig.deployDirectory Deploying web application directory [/home/yamini/project/webapp/apache-tomcat-9.0.102/webapps/ROOT]
10-Apr-2025 15:49:55.958 INFO [main] org.apache.catalina.startup.HostConfig.deployDirectory Deployment of web application directory [/home/yamini/project/webapp/apache-tomcat-9.0.102/webapps/ROOT] has finished in [40] ms
10-Apr-2025 15:49:55.968 INFO [main] org.apache.catalina.startup.HostConfig.deployDirectory Deploying web application directory [/home/yamini/project/webapp/apache-tomcat-9.0.102/webapps/host-manager]
10-Apr-2025 15:49:56.007 INFO [main] org.apache.catalina.startup.HostConfig.deployDirectory Deployment of web application directory [/home/yamini/project/webapp/apache-tomcat-9.0.102/webapps/host-manager] has finished in [38] ms
10-Apr-2025 15:49:56.007 INFO [main] org.apache.catalina.startup.HostConfig.deployDirectory Deploying web application directory [/home/yamini/project/webapp/apache-tomcat-9.0.102/webapps/examples]
10-Apr-2025 15:49:56.300 INFO [main] org.apache.catalina.startup.HostConfig.deployDirectory Deployment of web application directory [/home/yamini/project/webapp/apache-tomcat-9.0.102/webapps/examples] has finished in [292] ms
10-Apr-2025 15:49:56.310 INFO [main] org.apache.catalina.startup.Catalina.start Server startup in [1163] milliseconds
10-Apr-2025 15:53:47.584 INFO [main] org.apache.catalina.startup.VersionLoggerListener.log Server version name:   Apache Tomcat/9.0.102
10-Apr-2025 15:53:47.588 INFO [main] org.apache.catalina.startup.VersionLoggerListener.log Server built:          Mar 3 2025 19:33:14 UTC
10-Apr-2025 15:53:47.588 INFO [main] org.apache.catalina.startup.VersionLoggerListener.log Server version number: 9.0.102.0
10-Apr-2025 15:53:47.588 INFO [main] org.apache.catalina.startup.VersionLoggerListener.log OS Name:               Linux
10-Apr-2025 15:53:47.589 INFO [main] org.apache.catalina.startup.VersionLoggerListener.log OS Version:            6.8.0-38-generic
10-Apr-2025 15:53:47.589 INFO [main] org.apache.catalina.startup.VersionLoggerListener.log Architecture:          amd64
10-Apr-2025 15:53:47.589 INFO [main] org.apache.catalina.startup.VersionLoggerListener.log Java Home:             /usr/lib/jvm/java-11-openjdk-amd64
10-Apr-2025 15:53:47.589 INFO [main] org.apache.catalina.startup.VersionLoggerListener.log JVM Version:           11.0.26+4-post-Ubuntu-1ubuntu124.04
10-Apr-2025 15:53:47.589 INFO [main] org.apache.catalina.startup.VersionLoggerListener.log JVM Vendor:            Ubuntu
10-Apr-2025 15:53:47.589 INFO [main] org.apache.catalina.startup.VersionLoggerListener.log CATALINA_BASE:         /home/yamini/project/webapp/apache-tomcat-9.0.102
10-Apr-2025 15:53:47.589 INFO [main] org.apache.catalina.startup.VersionLoggerListener.log CATALINA_HOME:         /home/yamini/project/webapp/apache-tomcat-9.0.102
10-Apr-2025 15:53:47.608 INFO [main] org.apache.catalina.startup.VersionLoggerListener.log Command line argument: --add-opens=java.base/java.lang=ALL-UNNAMED
10-Apr-2025 15:53:47.609 INFO [main] org.apache.catalina.startup.VersionLoggerListener.log Command line argument: --add-opens=java.base/java.lang.invoke=ALL-UNNAMED
10-Apr-2025 15:53:47.609 INFO [main] org.apache.catalina.startup.VersionLoggerListener.log Command line argument: --add-opens=java.base/java.lang.reflect=ALL-UNNAMED
10-Apr-2025 15:53:47.609 INFO [main] org.apache.catalina.startup.VersionLoggerListener.log Command line argument: --add-opens=java.base/java.io=ALL-UNNAMED
10-Apr-2025 15:53:47.610 INFO [main] org.apache.catalina.startup.VersionLoggerListener.log Command line argument: --add-opens=java.base/java.util=ALL-UNNAMED
10-Apr-2025 15:53:47.610 INFO [main] org.apache.catalina.startup.VersionLoggerListener.log Command line argument: --add-opens=java.base/java.util.concurrent=ALL-UNNAMED
10-Apr-2025 15:53:47.610 INFO [main] org.apache.catalina.startup.VersionLoggerListener.log Command line argument: --add-opens=java.rmi/sun.rmi.transport=ALL-UNNAMED
10-Apr-2025 15:53:47.610 INFO [main] org.apache.catalina.startup.VersionLoggerListener.log Command line argument: -Djava.util.logging.config.file=/home/yamini/project/webapp/apache-tomcat-9.0.102/conf/logging.properties
10-Apr-2025 15:53:47.610 INFO [main] org.apache.catalina.startup.VersionLoggerListener.log Command line argument: -Djava.util.logging.manager=org.apache.juli.ClassLoaderLogManager
10-Apr-2025 15:53:47.610 INFO [main] org.apache.catalina.startup.VersionLoggerListener.log Command line argument: -Djdk.tls.ephemeralDHKeySize=2048
10-Apr-2025 15:53:47.610 INFO [main] org.apache.catalina.startup.VersionLoggerListener.log Command line argument: -Djava.protocol.handler.pkgs=org.apache.catalina.webresources
10-Apr-2025 15:53:47.610 INFO [main] org.apache.catalina.startup.VersionLoggerListener.log Command line argument: -Dsun.io.useCanonCaches=false
10-Apr-2025 15:53:47.610 INFO [main] org.apache.catalina.startup.VersionLoggerListener.log Command line argument: -Dorg.apache.catalina.security.SecurityListener.UMASK=0027
10-Apr-2025 15:53:47.611 INFO [main] org.apache.catalina.startup.VersionLoggerListener.log Command line argument: -Dignore.endorsed.dirs=
10-Apr-2025 15:53:47.611 INFO [main] org.apache.catalina.startup.VersionLoggerListener.log Command line argument: -Dcatalina.base=/home/yamini/project/webapp/apache-tomcat-9.0.102
10-Apr-2025 15:53:47.611 INFO [main] org.apache.catalina.startup.VersionLoggerListener.log Command line argument: -Dcatalina.home=/home/yamini/project/webapp/apache-tomcat-9.0.102
10-Apr-2025 15:53:47.611 INFO [main] org.apache.catalina.startup.VersionLoggerListener.log Command line argument: -Djava.io.tmpdir=/home/yamini/project/webapp/apache-tomcat-9.0.102/temp
10-Apr-2025 15:53:47.613 INFO [main] org.apache.catalina.core.AprLifecycleListener.lifecycleEvent The Apache Tomcat Native library which allows using OpenSSL was not found on the java.library.path: [/usr/java/packages/lib:/usr/lib/x86_64-linux-gnu/jni:/lib/x86_64-linux-gnu:/usr/lib/x86_64-linux-gnu:/usr/lib/jni:/lib:/usr/lib]
10-Apr-2025 15:53:47.935 INFO [main] org.apache.coyote.AbstractProtocol.init Initializing ProtocolHandler ["http-nio-8080"]
10-Apr-2025 15:53:47.962 INFO [main] org.apache.catalina.startup.Catalina.load Server initialization in [614] milliseconds
10-Apr-2025 15:53:48.019 INFO [main] org.apache.catalina.core.StandardService.startInternal Starting service [Catalina]
10-Apr-2025 15:53:48.020 INFO [main] org.apache.catalina.core.StandardEngine.startInternal Starting Servlet engine: [Apache Tomcat/9.0.102]
10-Apr-2025 15:53:48.034 INFO [main] org.apache.catalina.startup.HostConfig.deployWAR Deploying web application archive [/home/yamini/project/webapp/apache-tomcat-9.0.102/webapps/webapp.war]
10-Apr-2025 15:53:48.325 INFO [main] org.apache.catalina.startup.HostConfig.deployWAR Deployment of web application archive [/home/yamini/project/webapp/apache-tomcat-9.0.102/webapps/webapp.war] has finished in [291] ms
10-Apr-2025 15:53:48.326 INFO [main] org.apache.catalina.startup.HostConfig.deployDirectory Deploying web application directory [/home/yamini/project/webapp/apache-tomcat-9.0.102/webapps/docs]
10-Apr-2025 15:53:48.350 INFO [main] org.apache.catalina.startup.HostConfig.deployDirectory Deployment of web application directory [/home/yamini/project/webapp/apache-tomcat-9.0.102/webapps/docs] has finished in [24] ms
10-Apr-2025 15:53:48.351 INFO [main] org.apache.catalina.startup.HostConfig.deployDirectory Deploying web application directory [/home/yamini/project/webapp/apache-tomcat-9.0.102/webapps/manager]
10-Apr-2025 15:53:48.394 INFO [main] org.apache.catalina.startup.HostConfig.deployDirectory Deployment of web application directory [/home/yamini/project/webapp/apache-tomcat-9.0.102/webapps/manager] has finished in [43] ms
10-Apr-2025 15:53:48.395 INFO [main] org.apache.catalina.startup.HostConfig.deployDirectory Deploying web application directory [/home/yamini/project/webapp/apache-tomcat-9.0.102/webapps/ROOT]
10-Apr-2025 15:53:48.411 INFO [main] org.apache.catalina.startup.HostConfig.deployDirectory Deployment of web application directory [/home/yamini/project/webapp/apache-tomcat-9.0.102/webapps/ROOT] has finished in [16] ms
10-Apr-2025 15:53:48.411 INFO [main] org.apache.catalina.startup.HostConfig.deployDirectory Deploying web application directory [/home/yamini/project/webapp/apache-tomcat-9.0.102/webapps/host-manager]
10-Apr-2025 15:53:48.437 INFO [main] org.apache.catalina.startup.HostConfig.deployDirectory Deployment of web application directory [/home/yamini/project/webapp/apache-tomcat-9.0.102/webapps/host-manager] has finished in [26] ms
10-Apr-2025 15:53:48.438 INFO [main] org.apache.catalina.startup.HostConfig.deployDirectory Deploying web application directory [/home/yamini/project/webapp/apache-tomcat-9.0.102/webapps/examples]
10-Apr-2025 15:53:48.665 INFO [main] org.apache.catalina.startup.HostConfig.deployDirectory Deployment of web application directory [/home/yamini/project/webapp/apache-tomcat-9.0.102/webapps/examples] has finished in [227] ms
10-Apr-2025 15:53:48.676 INFO [main] org.apache.coyote.AbstractProtocol.start Starting ProtocolHandler ["http-nio-8080"]
10-Apr-2025 15:53:48.694 INFO [main] org.apache.catalina.startup.Catalina.start Server startup in [730] milliseconds
10-Apr-2025 15:53:48.696 SEVERE [main] org.apache.catalina.core.StandardServer.await Failed to create server shutdown socket on address [localhost] and port [8005] (base port [8005] and offset [0])
	java.net.BindException: Address already in use (Bind failed)
		at java.base/java.net.PlainSocketImpl.socketBind(Native Method)
		at java.base/java.net.AbstractPlainSocketImpl.bind(AbstractPlainSocketImpl.java:452)
		at java.base/java.net.ServerSocket.bind(ServerSocket.java:395)
		at java.base/java.net.ServerSocket.<init>(ServerSocket.java:257)
		at org.apache.catalina.core.StandardServer.await(StandardServer.java:537)
		at org.apache.catalina.startup.Catalina.await(Catalina.java:829)
		at org.apache.catalina.startup.Catalina.start(Catalina.java:777)
		at java.base/jdk.internal.reflect.NativeMethodAccessorImpl.invoke0(Native Method)
		at java.base/jdk.internal.reflect.NativeMethodAccessorImpl.invoke(NativeMethodAccessorImpl.java:62)
		at java.base/jdk.internal.reflect.DelegatingMethodAccessorImpl.invoke(DelegatingMethodAccessorImpl.java:43)
		at java.base/java.lang.reflect.Method.invoke(Method.java:566)
		at org.apache.catalina.startup.Bootstrap.start(Bootstrap.java:345)
		at org.apache.catalina.startup.Bootstrap.main(Bootstrap.java:473)
10-Apr-2025 15:53:48.697 INFO [main] org.apache.coyote.AbstractProtocol.pause Pausing ProtocolHandler ["http-nio-8080"]
10-Apr-2025 15:53:48.704 INFO [main] org.apache.catalina.core.StandardService.stopInternal Stopping service [Catalina]
10-Apr-2025 15:53:48.740 INFO [main] org.apache.coyote.AbstractProtocol.stop Stopping ProtocolHandler ["http-nio-8080"]
10-Apr-2025 15:53:48.757 INFO [main] org.apache.coyote.AbstractProtocol.destroy Destroying ProtocolHandler ["http-nio-8080"]
10-Apr-2025 15:57:53.599 INFO [main] org.apache.catalina.core.StandardServer.await A valid shutdown command was received via the shutdown port. Stopping the Server instance.
10-Apr-2025 15:57:53.600 INFO [main] org.apache.coyote.AbstractProtocol.pause Pausing ProtocolHandler ["http-nio-8080"]
10-Apr-2025 15:57:53.600 INFO [main] org.apache.catalina.core.StandardService.stopInternal Stopping service [Catalina]
10-Apr-2025 15:57:53.628 INFO [main] org.apache.coyote.AbstractProtocol.stop Stopping ProtocolHandler ["http-nio-8080"]
10-Apr-2025 15:57:53.630 INFO [main] org.apache.coyote.AbstractProtocol.destroy Destroying ProtocolHandler ["http-nio-8080"]
10-Apr-2025 15:58:04.447 INFO [main] org.apache.catalina.startup.VersionLoggerListener.log Server version name:   Apache Tomcat/9.0.102
10-Apr-2025 15:58:04.451 INFO [main] org.apache.catalina.startup.VersionLoggerListener.log Server built:          Mar 3 2025 19:33:14 UTC
10-Apr-2025 15:58:04.451 INFO [main] org.apache.catalina.startup.VersionLoggerListener.log Server version number: 9.0.102.0
10-Apr-2025 15:58:04.451 INFO [main] org.apache.catalina.startup.VersionLoggerListener.log OS Name:               Linux
10-Apr-2025 15:58:04.452 INFO [main] org.apache.catalina.startup.VersionLoggerListener.log OS Version:            6.8.0-38-generic
10-Apr-2025 15:58:04.452 INFO [main] org.apache.catalina.startup.VersionLoggerListener.log Architecture:          amd64
10-Apr-2025 15:58:04.452 INFO [main] org.apache.catalina.startup.VersionLoggerListener.log Java Home:             /usr/lib/jvm/java-11-openjdk-amd64
10-Apr-2025 15:58:04.452 INFO [main] org.apache.catalina.startup.VersionLoggerListener.log JVM Version:           11.0.26+4-post-Ubuntu-1ubuntu124.04
10-Apr-2025 15:58:04.452 INFO [main] org.apache.catalina.startup.VersionLoggerListener.log JVM Vendor:            Ubuntu
10-Apr-2025 15:58:04.453 INFO [main] org.apache.catalina.startup.VersionLoggerListener.log CATALINA_BASE:         /home/yamini/project/webapp/apache-tomcat-9.0.102
10-Apr-2025 15:58:04.453 INFO [main] org.apache.catalina.startup.VersionLoggerListener.log CATALINA_HOME:         /home/yamini/project/webapp/apache-tomcat-9.0.102
10-Apr-2025 15:58:04.475 INFO [main] org.apache.catalina.startup.VersionLoggerListener.log Command line argument: --add-opens=java.base/java.lang=ALL-UNNAMED
10-Apr-2025 15:58:04.475 INFO [main] org.apache.catalina.startup.VersionLoggerListener.log Command line argument: --add-opens=java.base/java.lang.invoke=ALL-UNNAMED
10-Apr-2025 15:58:04.475 INFO [main] org.apache.catalina.startup.VersionLoggerListener.log Command line argument: --add-opens=java.base/java.lang.reflect=ALL-UNNAMED
10-Apr-2025 15:58:04.475 INFO [main] org.apache.catalina.startup.VersionLoggerListener.log Command line argument: --add-opens=java.base/java.io=ALL-UNNAMED
10-Apr-2025 15:58:04.475 INFO [main] org.apache.catalina.startup.VersionLoggerListener.log Command line argument: --add-opens=java.base/java.util=ALL-UNNAMED
10-Apr-2025 15:58:04.475 INFO [main] org.apache.catalina.startup.VersionLoggerListener.log Command line argument: --add-opens=java.base/java.util.concurrent=ALL-UNNAMED
10-Apr-2025 15:58:04.475 INFO [main] org.apache.catalina.startup.VersionLoggerListener.log Command line argument: --add-opens=java.rmi/sun.rmi.transport=ALL-UNNAMED
10-Apr-2025 15:58:04.475 INFO [main] org.apache.catalina.startup.VersionLoggerListener.log Command line argument: -Djava.util.logging.config.file=/home/yamini/project/webapp/apache-tomcat-9.0.102/conf/logging.properties
10-Apr-2025 15:58:04.476 INFO [main] org.apache.catalina.startup.VersionLoggerListener.log Command line argument: -Djava.util.logging.manager=org.apache.juli.ClassLoaderLogManager
10-Apr-2025 15:58:04.476 INFO [main] org.apache.catalina.startup.VersionLoggerListener.log Command line argument: -Djdk.tls.ephemeralDHKeySize=2048
10-Apr-2025 15:58:04.476 INFO [main] org.apache.catalina.startup.VersionLoggerListener.log Command line argument: -Djava.protocol.handler.pkgs=org.apache.catalina.webresources
10-Apr-2025 15:58:04.476 INFO [main] org.apache.catalina.startup.VersionLoggerListener.log Command line argument: -Dsun.io.useCanonCaches=false
10-Apr-2025 15:58:04.476 INFO [main] org.apache.catalina.startup.VersionLoggerListener.log Command line argument: -Dorg.apache.catalina.security.SecurityListener.UMASK=0027
10-Apr-2025 15:58:04.476 INFO [main] org.apache.catalina.startup.VersionLoggerListener.log Command line argument: -Dignore.endorsed.dirs=
10-Apr-2025 15:58:04.476 INFO [main] org.apache.catalina.startup.VersionLoggerListener.log Command line argument: -Dcatalina.base=/home/yamini/project/webapp/apache-tomcat-9.0.102
10-Apr-2025 15:58:04.477 INFO [main] org.apache.catalina.startup.VersionLoggerListener.log Command line argument: -Dcatalina.home=/home/yamini/project/webapp/apache-tomcat-9.0.102
10-Apr-2025 15:58:04.477 INFO [main] org.apache.catalina.startup.VersionLoggerListener.log Command line argument: -Djava.io.tmpdir=/home/yamini/project/webapp/apache-tomcat-9.0.102/temp
10-Apr-2025 15:58:04.479 INFO [main] org.apache.catalina.core.AprLifecycleListener.lifecycleEvent The Apache Tomcat Native library which allows using OpenSSL was not found on the java.library.path: [/usr/java/packages/lib:/usr/lib/x86_64-linux-gnu/jni:/lib/x86_64-linux-gnu:/usr/lib/x86_64-linux-gnu:/usr/lib/jni:/lib:/usr/lib]
10-Apr-2025 15:58:04.826 INFO [main] org.apache.coyote.AbstractProtocol.init Initializing ProtocolHandler ["http-nio-8081"]
10-Apr-2025 15:58:04.864 INFO [main] org.apache.catalina.startup.Catalina.load Server initialization in [654] milliseconds
10-Apr-2025 15:58:04.959 INFO [main] org.apache.catalina.core.StandardService.startInternal Starting service [Catalina]
10-Apr-2025 15:58:04.960 INFO [main] org.apache.catalina.core.StandardEngine.startInternal Starting Servlet engine: [Apache Tomcat/9.0.102]
10-Apr-2025 15:58:04.976 INFO [main] org.apache.catalina.startup.HostConfig.deployWAR Deploying web application archive [/home/yamini/project/webapp/apache-tomcat-9.0.102/webapps/webapp.war]
10-Apr-2025 15:58:05.282 INFO [main] org.apache.catalina.startup.HostConfig.deployWAR Deployment of web application archive [/home/yamini/project/webapp/apache-tomcat-9.0.102/webapps/webapp.war] has finished in [307] ms
10-Apr-2025 15:58:05.283 INFO [main] org.apache.catalina.startup.HostConfig.deployDirectory Deploying web application directory [/home/yamini/project/webapp/apache-tomcat-9.0.102/webapps/docs]
10-Apr-2025 15:58:05.312 INFO [main] org.apache.catalina.startup.HostConfig.deployDirectory Deployment of web application directory [/home/yamini/project/webapp/apache-tomcat-9.0.102/webapps/docs] has finished in [29] ms
10-Apr-2025 15:58:05.314 INFO [main] org.apache.catalina.startup.HostConfig.deployDirectory Deploying web application directory [/home/yamini/project/webapp/apache-tomcat-9.0.102/webapps/manager]
10-Apr-2025 15:58:05.352 INFO [main] org.apache.catalina.startup.HostConfig.deployDirectory Deployment of web application directory [/home/yamini/project/webapp/apache-tomcat-9.0.102/webapps/manager] has finished in [37] ms
10-Apr-2025 15:58:05.353 INFO [main] org.apache.catalina.startup.HostConfig.deployDirectory Deploying web application directory [/home/yamini/project/webapp/apache-tomcat-9.0.102/webapps/ROOT]
10-Apr-2025 15:58:05.372 INFO [main] org.apache.catalina.startup.HostConfig.deployDirectory Deployment of web application directory [/home/yamini/project/webapp/apache-tomcat-9.0.102/webapps/ROOT] has finished in [19] ms
10-Apr-2025 15:58:05.373 INFO [main] org.apache.catalina.startup.HostConfig.deployDirectory Deploying web application directory [/home/yamini/project/webapp/apache-tomcat-9.0.102/webapps/host-manager]
10-Apr-2025 15:58:05.413 INFO [main] org.apache.catalina.startup.HostConfig.deployDirectory Deployment of web application directory [/home/yamini/project/webapp/apache-tomcat-9.0.102/webapps/host-manager] has finished in [40] ms
10-Apr-2025 15:58:05.415 INFO [main] org.apache.catalina.startup.HostConfig.deployDirectory Deploying web application directory [/home/yamini/project/webapp/apache-tomcat-9.0.102/webapps/examples]
10-Apr-2025 15:58:05.634 INFO [main] org.apache.catalina.startup.HostConfig.deployDirectory Deployment of web application directory [/home/yamini/project/webapp/apache-tomcat-9.0.102/webapps/examples] has finished in [219] ms
10-Apr-2025 15:58:05.646 INFO [main] org.apache.coyote.AbstractProtocol.start Starting ProtocolHandler ["http-nio-8081"]
10-Apr-2025 15:58:05.676 INFO [main] org.apache.catalina.startup.Catalina.start Server startup in [811] milliseconds
10-Apr-2025 15:59:18.158 INFO [main] org.apache.catalina.core.StandardServer.await A valid shutdown command was received via the shutdown port. Stopping the Server instance.
10-Apr-2025 15:59:18.159 INFO [main] org.apache.coyote.AbstractProtocol.pause Pausing ProtocolHandler ["http-nio-8081"]
10-Apr-2025 15:59:18.163 INFO [main] org.apache.catalina.core.StandardService.stopInternal Stopping service [Catalina]
10-Apr-2025 15:59:18.197 INFO [main] org.apache.coyote.AbstractProtocol.stop Stopping ProtocolHandler ["http-nio-8081"]
10-Apr-2025 15:59:18.208 INFO [main] org.apache.coyote.AbstractProtocol.destroy Destroying ProtocolHandler ["http-nio-8081"]
10-Apr-2025 16:09:51.400 INFO [main] org.apache.catalina.startup.VersionLoggerListener.log Server version name:   Apache Tomcat/9.0.102
10-Apr-2025 16:09:51.406 INFO [main] org.apache.catalina.startup.VersionLoggerListener.log Server built:          Mar 3 2025 19:33:14 UTC
10-Apr-2025 16:09:51.406 INFO [main] org.apache.catalina.startup.VersionLoggerListener.log Server version number: 9.0.102.0
10-Apr-2025 16:09:51.407 INFO [main] org.apache.catalina.startup.VersionLoggerListener.log OS Name:               Linux
10-Apr-2025 16:09:51.407 INFO [main] org.apache.catalina.startup.VersionLoggerListener.log OS Version:            6.8.0-38-generic
10-Apr-2025 16:09:51.407 INFO [main] org.apache.catalina.startup.VersionLoggerListener.log Architecture:          amd64
10-Apr-2025 16:09:51.407 INFO [main] org.apache.catalina.startup.VersionLoggerListener.log Java Home:             /usr/lib/jvm/java-11-openjdk-amd64
10-Apr-2025 16:09:51.407 INFO [main] org.apache.catalina.startup.VersionLoggerListener.log JVM Version:           11.0.26+4-post-Ubuntu-1ubuntu124.04
10-Apr-2025 16:09:51.407 INFO [main] org.apache.catalina.startup.VersionLoggerListener.log JVM Vendor:            Ubuntu
10-Apr-2025 16:09:51.407 INFO [main] org.apache.catalina.startup.VersionLoggerListener.log CATALINA_BASE:         /home/yamini/project/webapp/apache-tomcat-9.0.102
10-Apr-2025 16:09:51.407 INFO [main] org.apache.catalina.startup.VersionLoggerListener.log CATALINA_HOME:         /home/yamini/project/webapp/apache-tomcat-9.0.102
10-Apr-2025 16:09:51.435 INFO [main] org.apache.catalina.startup.VersionLoggerListener.log Command line argument: --add-opens=java.base/java.lang=ALL-UNNAMED
10-Apr-2025 16:09:51.435 INFO [main] org.apache.catalina.startup.VersionLoggerListener.log Command line argument: --add-opens=java.base/java.lang.invoke=ALL-UNNAMED
10-Apr-2025 16:09:51.436 INFO [main] org.apache.catalina.startup.VersionLoggerListener.log Command line argument: --add-opens=java.base/java.lang.reflect=ALL-UNNAMED
10-Apr-2025 16:09:51.436 INFO [main] org.apache.catalina.startup.VersionLoggerListener.log Command line argument: --add-opens=java.base/java.io=ALL-UNNAMED
10-Apr-2025 16:09:51.436 INFO [main] org.apache.catalina.startup.VersionLoggerListener.log Command line argument: --add-opens=java.base/java.util=ALL-UNNAMED
10-Apr-2025 16:09:51.436 INFO [main] org.apache.catalina.startup.VersionLoggerListener.log Command line argument: --add-opens=java.base/java.util.concurrent=ALL-UNNAMED
10-Apr-2025 16:09:51.436 INFO [main] org.apache.catalina.startup.VersionLoggerListener.log Command line argument: --add-opens=java.rmi/sun.rmi.transport=ALL-UNNAMED
10-Apr-2025 16:09:51.436 INFO [main] org.apache.catalina.startup.VersionLoggerListener.log Command line argument: -Djava.util.logging.config.file=/home/yamini/project/webapp/apache-tomcat-9.0.102/conf/logging.properties
10-Apr-2025 16:09:51.436 INFO [main] org.apache.catalina.startup.VersionLoggerListener.log Command line argument: -Djava.util.logging.manager=org.apache.juli.ClassLoaderLogManager
10-Apr-2025 16:09:51.436 INFO [main] org.apache.catalina.startup.VersionLoggerListener.log Command line argument: -Djdk.tls.ephemeralDHKeySize=2048
10-Apr-2025 16:09:51.436 INFO [main] org.apache.catalina.startup.VersionLoggerListener.log Command line argument: -Djava.protocol.handler.pkgs=org.apache.catalina.webresources
10-Apr-2025 16:09:51.437 INFO [main] org.apache.catalina.startup.VersionLoggerListener.log Command line argument: -Dsun.io.useCanonCaches=false
10-Apr-2025 16:09:51.437 INFO [main] org.apache.catalina.startup.VersionLoggerListener.log Command line argument: -Dorg.apache.catalina.security.SecurityListener.UMASK=0027
10-Apr-2025 16:09:51.437 INFO [main] org.apache.catalina.startup.VersionLoggerListener.log Command line argument: -Dignore.endorsed.dirs=
10-Apr-2025 16:09:51.437 INFO [main] org.apache.catalina.startup.VersionLoggerListener.log Command line argument: -Dcatalina.base=/home/yamini/project/webapp/apache-tomcat-9.0.102
10-Apr-2025 16:09:51.437 INFO [main] org.apache.catalina.startup.VersionLoggerListener.log Command line argument: -Dcatalina.home=/home/yamini/project/webapp/apache-tomcat-9.0.102
10-Apr-2025 16:09:51.437 INFO [main] org.apache.catalina.startup.VersionLoggerListener.log Command line argument: -Djava.io.tmpdir=/home/yamini/project/webapp/apache-tomcat-9.0.102/temp
10-Apr-2025 16:09:51.439 INFO [main] org.apache.catalina.core.AprLifecycleListener.lifecycleEvent The Apache Tomcat Native library which allows using OpenSSL was not found on the java.library.path: [/usr/java/packages/lib:/usr/lib/x86_64-linux-gnu/jni:/lib/x86_64-linux-gnu:/usr/lib/x86_64-linux-gnu:/usr/lib/jni:/lib:/usr/lib]
10-Apr-2025 16:09:51.794 INFO [main] org.apache.coyote.AbstractProtocol.init Initializing ProtocolHandler ["http-nio-8081"]
10-Apr-2025 16:09:51.832 INFO [main] org.apache.catalina.startup.Catalina.load Server initialization in [723] milliseconds
10-Apr-2025 16:09:51.918 INFO [main] org.apache.catalina.core.StandardService.startInternal Starting service [Catalina]
10-Apr-2025 16:09:51.919 INFO [main] org.apache.catalina.core.StandardEngine.startInternal Starting Servlet engine: [Apache Tomcat/9.0.102]
10-Apr-2025 16:09:51.935 INFO [main] org.apache.catalina.startup.HostConfig.deployWAR Deploying web application archive [/home/yamini/project/webapp/apache-tomcat-9.0.102/webapps/webapp2.war]
10-Apr-2025 16:09:52.315 INFO [main] org.apache.catalina.startup.HostConfig.deployWAR Deployment of web application archive [/home/yamini/project/webapp/apache-tomcat-9.0.102/webapps/webapp2.war] has finished in [377] ms
10-Apr-2025 16:09:52.321 INFO [main] org.apache.catalina.startup.HostConfig.deployWAR Deploying web application archive [/home/yamini/project/webapp/apache-tomcat-9.0.102/webapps/webapp.war]
10-Apr-2025 16:09:52.375 INFO [main] org.apache.catalina.startup.HostConfig.deployWAR Deployment of web application archive [/home/yamini/project/webapp/apache-tomcat-9.0.102/webapps/webapp.war] has finished in [54] ms
10-Apr-2025 16:09:52.377 INFO [main] org.apache.catalina.startup.HostConfig.deployDirectory Deploying web application directory [/home/yamini/project/webapp/apache-tomcat-9.0.102/webapps/docs]
10-Apr-2025 16:09:52.442 INFO [main] org.apache.catalina.startup.HostConfig.deployDirectory Deployment of web application directory [/home/yamini/project/webapp/apache-tomcat-9.0.102/webapps/docs] has finished in [64] ms
10-Apr-2025 16:09:52.442 INFO [main] org.apache.catalina.startup.HostConfig.deployDirectory Deploying web application directory [/home/yamini/project/webapp/apache-tomcat-9.0.102/webapps/manager]
10-Apr-2025 16:09:52.490 INFO [main] org.apache.catalina.startup.HostConfig.deployDirectory Deployment of web application directory [/home/yamini/project/webapp/apache-tomcat-9.0.102/webapps/manager] has finished in [48] ms
10-Apr-2025 16:09:52.491 INFO [main] org.apache.catalina.startup.HostConfig.deployDirectory Deploying web application directory [/home/yamini/project/webapp/apache-tomcat-9.0.102/webapps/ROOT]
10-Apr-2025 16:09:52.517 INFO [main] org.apache.catalina.startup.HostConfig.deployDirectory Deployment of web application directory [/home/yamini/project/webapp/apache-tomcat-9.0.102/webapps/ROOT] has finished in [26] ms
10-Apr-2025 16:09:52.521 INFO [main] org.apache.catalina.startup.HostConfig.deployDirectory Deploying web application directory [/home/yamini/project/webapp/apache-tomcat-9.0.102/webapps/host-manager]
10-Apr-2025 16:09:52.553 INFO [main] org.apache.catalina.startup.HostConfig.deployDirectory Deployment of web application directory [/home/yamini/project/webapp/apache-tomcat-9.0.102/webapps/host-manager] has finished in [33] ms
10-Apr-2025 16:09:52.554 INFO [main] org.apache.catalina.startup.HostConfig.deployDirectory Deploying web application directory [/home/yamini/project/webapp/apache-tomcat-9.0.102/webapps/examples]
10-Apr-2025 16:09:52.851 INFO [main] org.apache.catalina.startup.HostConfig.deployDirectory Deployment of web application directory [/home/yamini/project/webapp/apache-tomcat-9.0.102/webapps/examples] has finished in [297] ms
10-Apr-2025 16:09:52.877 INFO [main] org.apache.coyote.AbstractProtocol.start Starting ProtocolHandler ["http-nio-8081"]
10-Apr-2025 16:09:52.895 INFO [main] org.apache.catalina.startup.Catalina.start Server startup in [1063] milliseconds
10-Apr-2025 16:16:39.609 INFO [main] org.apache.catalina.core.StandardServer.await A valid shutdown command was received via the shutdown port. Stopping the Server instance.
10-Apr-2025 16:16:39.611 INFO [main] org.apache.coyote.AbstractProtocol.pause Pausing ProtocolHandler ["http-nio-8081"]
10-Apr-2025 16:16:39.614 INFO [main] org.apache.catalina.core.StandardService.stopInternal Stopping service [Catalina]
10-Apr-2025 16:16:39.672 INFO [main] org.apache.coyote.AbstractProtocol.stop Stopping ProtocolHandler ["http-nio-8081"]
10-Apr-2025 16:16:39.686 INFO [main] org.apache.coyote.AbstractProtocol.destroy Destroying ProtocolHandler ["http-nio-8081"]
10-Apr-2025 16:17:27.686 INFO [main] org.apache.catalina.startup.VersionLoggerListener.log Server version name:   Apache Tomcat/9.0.102
10-Apr-2025 16:17:27.689 INFO [main] org.apache.catalina.startup.VersionLoggerListener.log Server built:          Mar 3 2025 19:33:14 UTC
10-Apr-2025 16:17:27.690 INFO [main] org.apache.catalina.startup.VersionLoggerListener.log Server version number: 9.0.102.0
10-Apr-2025 16:17:27.690 INFO [main] org.apache.catalina.startup.VersionLoggerListener.log OS Name:               Linux
10-Apr-2025 16:17:27.690 INFO [main] org.apache.catalina.startup.VersionLoggerListener.log OS Version:            6.8.0-38-generic
10-Apr-2025 16:17:27.690 INFO [main] org.apache.catalina.startup.VersionLoggerListener.log Architecture:          amd64
10-Apr-2025 16:17:27.690 INFO [main] org.apache.catalina.startup.VersionLoggerListener.log Java Home:             /usr/lib/jvm/java-11-openjdk-amd64
10-Apr-2025 16:17:27.690 INFO [main] org.apache.catalina.startup.VersionLoggerListener.log JVM Version:           11.0.26+4-post-Ubuntu-1ubuntu124.04
10-Apr-2025 16:17:27.690 INFO [main] org.apache.catalina.startup.VersionLoggerListener.log JVM Vendor:            Ubuntu
10-Apr-2025 16:17:27.690 INFO [main] org.apache.catalina.startup.VersionLoggerListener.log CATALINA_BASE:         /home/yamini/project/webapp/apache-tomcat-9.0.102
10-Apr-2025 16:17:27.691 INFO [main] org.apache.catalina.startup.VersionLoggerListener.log CATALINA_HOME:         /home/yamini/project/webapp/apache-tomcat-9.0.102
10-Apr-2025 16:17:27.707 INFO [main] org.apache.catalina.startup.VersionLoggerListener.log Command line argument: --add-opens=java.base/java.lang=ALL-UNNAMED
10-Apr-2025 16:17:27.707 INFO [main] org.apache.catalina.startup.VersionLoggerListener.log Command line argument: --add-opens=java.base/java.lang.invoke=ALL-UNNAMED
10-Apr-2025 16:17:27.707 INFO [main] org.apache.catalina.startup.VersionLoggerListener.log Command line argument: --add-opens=java.base/java.lang.reflect=ALL-UNNAMED
10-Apr-2025 16:17:27.708 INFO [main] org.apache.catalina.startup.VersionLoggerListener.log Command line argument: --add-opens=java.base/java.io=ALL-UNNAMED
10-Apr-2025 16:17:27.708 INFO [main] org.apache.catalina.startup.VersionLoggerListener.log Command line argument: --add-opens=java.base/java.util=ALL-UNNAMED
10-Apr-2025 16:17:27.708 INFO [main] org.apache.catalina.startup.VersionLoggerListener.log Command line argument: --add-opens=java.base/java.util.concurrent=ALL-UNNAMED
10-Apr-2025 16:17:27.708 INFO [main] org.apache.catalina.startup.VersionLoggerListener.log Command line argument: --add-opens=java.rmi/sun.rmi.transport=ALL-UNNAMED
10-Apr-2025 16:17:27.708 INFO [main] org.apache.catalina.startup.VersionLoggerListener.log Command line argument: -Djava.util.logging.config.file=/home/yamini/project/webapp/apache-tomcat-9.0.102/conf/logging.properties
10-Apr-2025 16:17:27.708 INFO [main] org.apache.catalina.startup.VersionLoggerListener.log Command line argument: -Djava.util.logging.manager=org.apache.juli.ClassLoaderLogManager
10-Apr-2025 16:17:27.708 INFO [main] org.apache.catalina.startup.VersionLoggerListener.log Command line argument: -Djdk.tls.ephemeralDHKeySize=2048
10-Apr-2025 16:17:27.708 INFO [main] org.apache.catalina.startup.VersionLoggerListener.log Command line argument: -Djava.protocol.handler.pkgs=org.apache.catalina.webresources
10-Apr-2025 16:17:27.708 INFO [main] org.apache.catalina.startup.VersionLoggerListener.log Command line argument: -Dsun.io.useCanonCaches=false
10-Apr-2025 16:17:27.708 INFO [main] org.apache.catalina.startup.VersionLoggerListener.log Command line argument: -Dorg.apache.catalina.security.SecurityListener.UMASK=0027
10-Apr-2025 16:17:27.708 INFO [main] org.apache.catalina.startup.VersionLoggerListener.log Command line argument: -Dignore.endorsed.dirs=
10-Apr-2025 16:17:27.709 INFO [main] org.apache.catalina.startup.VersionLoggerListener.log Command line argument: -Dcatalina.base=/home/yamini/project/webapp/apache-tomcat-9.0.102
10-Apr-2025 16:17:27.709 INFO [main] org.apache.catalina.startup.VersionLoggerListener.log Command line argument: -Dcatalina.home=/home/yamini/project/webapp/apache-tomcat-9.0.102
10-Apr-2025 16:17:27.709 INFO [main] org.apache.catalina.startup.VersionLoggerListener.log Command line argument: -Djava.io.tmpdir=/home/yamini/project/webapp/apache-tomcat-9.0.102/temp
10-Apr-2025 16:17:27.711 INFO [main] org.apache.catalina.core.AprLifecycleListener.lifecycleEvent The Apache Tomcat Native library which allows using OpenSSL was not found on the java.library.path: [/usr/java/packages/lib:/usr/lib/x86_64-linux-gnu/jni:/lib/x86_64-linux-gnu:/usr/lib/x86_64-linux-gnu:/usr/lib/jni:/lib:/usr/lib]
10-Apr-2025 16:17:28.020 INFO [main] org.apache.coyote.AbstractProtocol.init Initializing ProtocolHandler ["http-nio-8081"]
10-Apr-2025 16:17:28.052 INFO [main] org.apache.catalina.startup.Catalina.load Server initialization in [591] milliseconds
10-Apr-2025 16:17:28.133 INFO [main] org.apache.catalina.core.StandardService.startInternal Starting service [Catalina]
10-Apr-2025 16:17:28.133 INFO [main] org.apache.catalina.core.StandardEngine.startInternal Starting Servlet engine: [Apache Tomcat/9.0.102]
10-Apr-2025 16:17:28.150 INFO [main] org.apache.catalina.startup.HostConfig.deployWAR Deploying web application archive [/home/yamini/project/webapp/apache-tomcat-9.0.102/webapps/webapp2.war]
10-Apr-2025 16:17:28.459 INFO [main] org.apache.catalina.startup.HostConfig.deployWAR Deployment of web application archive [/home/yamini/project/webapp/apache-tomcat-9.0.102/webapps/webapp2.war] has finished in [309] ms
10-Apr-2025 16:17:28.460 INFO [main] org.apache.catalina.startup.HostConfig.deployWAR Deploying web application archive [/home/yamini/project/webapp/apache-tomcat-9.0.102/webapps/webapp.war]
10-Apr-2025 16:17:28.485 INFO [main] org.apache.catalina.startup.HostConfig.deployWAR Deployment of web application archive [/home/yamini/project/webapp/apache-tomcat-9.0.102/webapps/webapp.war] has finished in [25] ms
10-Apr-2025 16:17:28.486 INFO [main] org.apache.catalina.startup.HostConfig.deployDirectory Deploying web application directory [/home/yamini/project/webapp/apache-tomcat-9.0.102/webapps/docs]
10-Apr-2025 16:17:28.519 INFO [main] org.apache.catalina.startup.HostConfig.deployDirectory Deployment of web application directory [/home/yamini/project/webapp/apache-tomcat-9.0.102/webapps/docs] has finished in [32] ms
10-Apr-2025 16:17:28.519 INFO [main] org.apache.catalina.startup.HostConfig.deployDirectory Deploying web application directory [/home/yamini/project/webapp/apache-tomcat-9.0.102/webapps/manager]
10-Apr-2025 16:17:28.551 INFO [main] org.apache.catalina.startup.HostConfig.deployDirectory Deployment of web application directory [/home/yamini/project/webapp/apache-tomcat-9.0.102/webapps/manager] has finished in [32] ms
10-Apr-2025 16:17:28.557 INFO [main] org.apache.catalina.startup.HostConfig.deployDirectory Deploying web application directory [/home/yamini/project/webapp/apache-tomcat-9.0.102/webapps/ROOT]
10-Apr-2025 16:17:28.579 INFO [main] org.apache.catalina.startup.HostConfig.deployDirectory Deployment of web application directory [/home/yamini/project/webapp/apache-tomcat-9.0.102/webapps/ROOT] has finished in [22] ms
10-Apr-2025 16:17:28.579 INFO [main] org.apache.catalina.startup.HostConfig.deployDirectory Deploying web application directory [/home/yamini/project/webapp/apache-tomcat-9.0.102/webapps/host-manager]
10-Apr-2025 16:17:28.599 INFO [main] org.apache.catalina.startup.HostConfig.deployDirectory Deployment of web application directory [/home/yamini/project/webapp/apache-tomcat-9.0.102/webapps/host-manager] has finished in [20] ms
10-Apr-2025 16:17:28.600 INFO [main] org.apache.catalina.startup.HostConfig.deployDirectory Deploying web application directory [/home/yamini/project/webapp/apache-tomcat-9.0.102/webapps/examples]
10-Apr-2025 16:17:28.831 INFO [main] org.apache.catalina.startup.HostConfig.deployDirectory Deployment of web application directory [/home/yamini/project/webapp/apache-tomcat-9.0.102/webapps/examples] has finished in [230] ms
10-Apr-2025 16:17:28.839 INFO [main] org.apache.coyote.AbstractProtocol.start Starting ProtocolHandler ["http-nio-8081"]
10-Apr-2025 16:17:28.849 INFO [main] org.apache.catalina.startup.Catalina.start Server startup in [796] milliseconds
10-Apr-2025 19:10:21.238 INFO [main] org.apache.catalina.core.StandardServer.await A valid shutdown command was received via the shutdown port. Stopping the Server instance.
10-Apr-2025 19:10:21.286 INFO [main] org.apache.coyote.AbstractProtocol.pause Pausing ProtocolHandler ["http-nio-8081"]
10-Apr-2025 19:10:21.391 INFO [main] org.apache.catalina.core.StandardService.stopInternal Stopping service [Catalina]
10-Apr-2025 19:10:21.710 INFO [main] org.apache.coyote.AbstractProtocol.stop Stopping ProtocolHandler ["http-nio-8081"]
10-Apr-2025 19:10:21.739 INFO [main] org.apache.coyote.AbstractProtocol.destroy Destroying ProtocolHandler ["http-nio-8081"]
10-Apr-2025 19:10:37.129 INFO [main] org.apache.catalina.startup.VersionLoggerListener.log Server version name:   Apache Tomcat/9.0.102
10-Apr-2025 19:10:37.139 INFO [main] org.apache.catalina.startup.VersionLoggerListener.log Server built:          Mar 3 2025 19:33:14 UTC
10-Apr-2025 19:10:37.140 INFO [main] org.apache.catalina.startup.VersionLoggerListener.log Server version number: 9.0.102.0
10-Apr-2025 19:10:37.140 INFO [main] org.apache.catalina.startup.VersionLoggerListener.log OS Name:               Linux
10-Apr-2025 19:10:37.140 INFO [main] org.apache.catalina.startup.VersionLoggerListener.log OS Version:            6.8.0-38-generic
10-Apr-2025 19:10:37.140 INFO [main] org.apache.catalina.startup.VersionLoggerListener.log Architecture:          amd64
10-Apr-2025 19:10:37.140 INFO [main] org.apache.catalina.startup.VersionLoggerListener.log Java Home:             /usr/lib/jvm/java-21-openjdk-amd64
10-Apr-2025 19:10:37.140 INFO [main] org.apache.catalina.startup.VersionLoggerListener.log JVM Version:           21.0.6+7-Ubuntu-124.04.1
10-Apr-2025 19:10:37.140 INFO [main] org.apache.catalina.startup.VersionLoggerListener.log JVM Vendor:            Ubuntu
10-Apr-2025 19:10:37.140 INFO [main] org.apache.catalina.startup.VersionLoggerListener.log CATALINA_BASE:         /home/yamini/project/webapp/apache-tomcat-9.0.102
10-Apr-2025 19:10:37.140 INFO [main] org.apache.catalina.startup.VersionLoggerListener.log CATALINA_HOME:         /home/yamini/project/webapp/apache-tomcat-9.0.102
10-Apr-2025 19:10:37.166 INFO [main] org.apache.catalina.startup.VersionLoggerListener.log Command line argument: --add-opens=java.base/java.lang=ALL-UNNAMED
10-Apr-2025 19:10:37.166 INFO [main] org.apache.catalina.startup.VersionLoggerListener.log Command line argument: --add-opens=java.base/java.lang.invoke=ALL-UNNAMED
10-Apr-2025 19:10:37.166 INFO [main] org.apache.catalina.startup.VersionLoggerListener.log Command line argument: --add-opens=java.base/java.lang.reflect=ALL-UNNAMED
10-Apr-2025 19:10:37.166 INFO [main] org.apache.catalina.startup.VersionLoggerListener.log Command line argument: --add-opens=java.base/java.io=ALL-UNNAMED
10-Apr-2025 19:10:37.167 INFO [main] org.apache.catalina.startup.VersionLoggerListener.log Command line argument: --add-opens=java.base/java.util=ALL-UNNAMED
10-Apr-2025 19:10:37.167 INFO [main] org.apache.catalina.startup.VersionLoggerListener.log Command line argument: --add-opens=java.base/java.util.concurrent=ALL-UNNAMED
10-Apr-2025 19:10:37.167 INFO [main] org.apache.catalina.startup.VersionLoggerListener.log Command line argument: --add-opens=java.rmi/sun.rmi.transport=ALL-UNNAMED
10-Apr-2025 19:10:37.167 INFO [main] org.apache.catalina.startup.VersionLoggerListener.log Command line argument: -Djava.util.logging.config.file=/home/yamini/project/webapp/apache-tomcat-9.0.102/conf/logging.properties
10-Apr-2025 19:10:37.167 INFO [main] org.apache.catalina.startup.VersionLoggerListener.log Command line argument: -Djava.util.logging.manager=org.apache.juli.ClassLoaderLogManager
10-Apr-2025 19:10:37.167 INFO [main] org.apache.catalina.startup.VersionLoggerListener.log Command line argument: -Djdk.tls.ephemeralDHKeySize=2048
10-Apr-2025 19:10:37.167 INFO [main] org.apache.catalina.startup.VersionLoggerListener.log Command line argument: -Djava.protocol.handler.pkgs=org.apache.catalina.webresources
10-Apr-2025 19:10:37.167 INFO [main] org.apache.catalina.startup.VersionLoggerListener.log Command line argument: -Dsun.io.useCanonCaches=false
10-Apr-2025 19:10:37.167 INFO [main] org.apache.catalina.startup.VersionLoggerListener.log Command line argument: -Dorg.apache.catalina.security.SecurityListener.UMASK=0027
10-Apr-2025 19:10:37.168 INFO [main] org.apache.catalina.startup.VersionLoggerListener.log Command line argument: -Dignore.endorsed.dirs=
10-Apr-2025 19:10:37.168 INFO [main] org.apache.catalina.startup.VersionLoggerListener.log Command line argument: -Dcatalina.base=/home/yamini/project/webapp/apache-tomcat-9.0.102
10-Apr-2025 19:10:37.168 INFO [main] org.apache.catalina.startup.VersionLoggerListener.log Command line argument: -Dcatalina.home=/home/yamini/project/webapp/apache-tomcat-9.0.102
10-Apr-2025 19:10:37.168 INFO [main] org.apache.catalina.startup.VersionLoggerListener.log Command line argument: -Djava.io.tmpdir=/home/yamini/project/webapp/apache-tomcat-9.0.102/temp
10-Apr-2025 19:10:37.172 INFO [main] org.apache.catalina.core.AprLifecycleListener.lifecycleEvent The Apache Tomcat Native library which allows using OpenSSL was not found on the java.library.path: [/usr/java/packages/lib:/usr/lib/x86_64-linux-gnu/jni:/lib/x86_64-linux-gnu:/usr/lib/x86_64-linux-gnu:/usr/lib/jni:/lib:/usr/lib]
10-Apr-2025 19:10:37.684 INFO [main] org.apache.coyote.AbstractProtocol.init Initializing ProtocolHandler ["http-nio-8085"]
10-Apr-2025 19:10:37.715 INFO [main] org.apache.catalina.startup.Catalina.load Server initialization in [884] milliseconds
10-Apr-2025 19:10:37.777 INFO [main] org.apache.catalina.core.StandardService.startInternal Starting service [Catalina]
10-Apr-2025 19:10:37.784 INFO [main] org.apache.catalina.core.StandardEngine.startInternal Starting Servlet engine: [Apache Tomcat/9.0.102]
10-Apr-2025 19:10:37.801 INFO [main] org.apache.catalina.startup.HostConfig.deployWAR Deploying web application archive [/home/yamini/project/webapp/apache-tomcat-9.0.102/webapps/webapp2.war]
10-Apr-2025 19:10:38.176 INFO [main] org.apache.catalina.startup.HostConfig.deployWAR Deployment of web application archive [/home/yamini/project/webapp/apache-tomcat-9.0.102/webapps/webapp2.war] has finished in [373] ms
10-Apr-2025 19:10:38.177 INFO [main] org.apache.catalina.startup.HostConfig.deployWAR Deploying web application archive [/home/yamini/project/webapp/apache-tomcat-9.0.102/webapps/webapp.war]
10-Apr-2025 19:10:38.220 INFO [main] org.apache.catalina.startup.HostConfig.deployWAR Deployment of web application archive [/home/yamini/project/webapp/apache-tomcat-9.0.102/webapps/webapp.war] has finished in [43] ms
10-Apr-2025 19:10:38.220 INFO [main] org.apache.catalina.startup.HostConfig.deployDirectory Deploying web application directory [/home/yamini/project/webapp/apache-tomcat-9.0.102/webapps/docs]
10-Apr-2025 19:10:38.261 INFO [main] org.apache.catalina.startup.HostConfig.deployDirectory Deployment of web application directory [/home/yamini/project/webapp/apache-tomcat-9.0.102/webapps/docs] has finished in [41] ms
10-Apr-2025 19:10:38.261 INFO [main] org.apache.catalina.startup.HostConfig.deployDirectory Deploying web application directory [/home/yamini/project/webapp/apache-tomcat-9.0.102/webapps/manager]
10-Apr-2025 19:10:38.297 INFO [main] org.apache.catalina.startup.HostConfig.deployDirectory Deployment of web application directory [/home/yamini/project/webapp/apache-tomcat-9.0.102/webapps/manager] has finished in [36] ms
10-Apr-2025 19:10:38.298 INFO [main] org.apache.catalina.startup.HostConfig.deployDirectory Deploying web application directory [/home/yamini/project/webapp/apache-tomcat-9.0.102/webapps/ROOT]
10-Apr-2025 19:10:38.321 INFO [main] org.apache.catalina.startup.HostConfig.deployDirectory Deployment of web application directory [/home/yamini/project/webapp/apache-tomcat-9.0.102/webapps/ROOT] has finished in [23] ms
10-Apr-2025 19:10:38.322 INFO [main] org.apache.catalina.startup.HostConfig.deployDirectory Deploying web application directory [/home/yamini/project/webapp/apache-tomcat-9.0.102/webapps/host-manager]
10-Apr-2025 19:10:38.345 INFO [main] org.apache.catalina.startup.HostConfig.deployDirectory Deployment of web application directory [/home/yamini/project/webapp/apache-tomcat-9.0.102/webapps/host-manager] has finished in [23] ms
10-Apr-2025 19:10:38.346 INFO [main] org.apache.catalina.startup.HostConfig.deployDirectory Deploying web application directory [/home/yamini/project/webapp/apache-tomcat-9.0.102/webapps/examples]
10-Apr-2025 19:10:38.786 INFO [main] org.apache.catalina.startup.HostConfig.deployDirectory Deployment of web application directory [/home/yamini/project/webapp/apache-tomcat-9.0.102/webapps/examples] has finished in [439] ms
10-Apr-2025 19:10:38.791 INFO [main] org.apache.coyote.AbstractProtocol.start Starting ProtocolHandler ["http-nio-8085"]
10-Apr-2025 19:10:38.811 INFO [main] org.apache.catalina.startup.Catalina.start Server startup in [1091] milliseconds
